============================= test session starts =============================
platform win32 -- Python 3.13.7, pytest-7.4.3, pluggy-1.6.0 -- C:\Users\hiros\OneDrive\Documents\ping-champions\venv\Scripts\python.exe
cachedir: .pytest_cache
rootdir: C:\Users\hiros\OneDrive\Documents\ping-champions\backend
configfile: pytest.ini
plugins: anyio-4.11.0, asyncio-0.21.1, cov-4.1.0
asyncio: mode=Mode.AUTO
collecting ... collected 1 item

tests/test_events.py::TestEvents::test_list_events_empty 
[TEST_DB] Tables created: []
[TEST_DB] Session factory created, engine: Engine(sqlite:///:memory:)

[CLIENT] _TestingSessionLocal: sessionmaker(class_='Session', autocommit=False, bind=Engine(sqlite:///:memory:), autoflush=False, expire_on_commit=True)
[CLIENT] _test_engine: Engine(sqlite:///:memory:)
[OVERRIDE] Session created, bound to: Engine(sqlite:///:memory:)
FAILED

================================== FAILURES ===================================
C:\Users\hiros\OneDrive\Documents\ping-champions\venv\Lib\site-packages\sqlalchemy\engine\default.py:951: sqlalchemy.exc.OperationalError: (sqlite3.OperationalError) no such table: events
============================== warnings summary ===============================
tests/test_events.py::TestEvents::test_list_events_empty
  C:\Users\hiros\OneDrive\Documents\ping-champions\backend\database.py:12: MovedIn20Warning: The ``declarative_base()`` function is now available as sqlalchemy.orm.declarative_base(). (deprecated since: 2.0) (Background on SQLAlchemy 2.0 at: https://sqlalche.me/e/b8d9)
    Base = declarative_base()

tests/test_events.py::TestEvents::test_list_events_empty
  C:\Users\hiros\OneDrive\Documents\ping-champions\backend\schemas.py:16: PydanticDeprecatedSince20: Pydantic V1 style `@validator` validators are deprecated. You should migrate to Pydantic V2 style `@field_validator` validators, see the migration guide for more details. Deprecated in Pydantic V2.0 to be removed in V3.0. See Pydantic V2 Migration Guide at https://errors.pydantic.dev/2.12/migration/
    @validator('date')

tests/test_events.py::TestEvents::test_list_events_empty
  C:\Users\hiros\OneDrive\Documents\ping-champions\backend\schemas.py:24: PydanticDeprecatedSince20: Pydantic V1 style `@validator` validators are deprecated. You should migrate to Pydantic V2 style `@field_validator` validators, see the migration guide for more details. Deprecated in Pydantic V2.0 to be removed in V3.0. See Pydantic V2 Migration Guide at https://errors.pydantic.dev/2.12/migration/
    @validator('time')

tests/test_events.py::TestEvents::test_list_events_empty
  C:\Users\hiros\OneDrive\Documents\ping-champions\backend\schemas.py:33: PydanticDeprecatedSince20: Support for class-based `config` is deprecated, use ConfigDict instead. Deprecated in Pydantic V2.0 to be removed in V3.0. See Pydantic V2 Migration Guide at https://errors.pydantic.dev/2.12/migration/
    class EventRead(BaseModel):

tests/test_events.py::TestEvents::test_list_events_empty
  C:\Users\hiros\OneDrive\Documents\ping-champions\backend\schemas.py:51: PydanticDeprecatedSince20: Support for class-based `config` is deprecated, use ConfigDict instead. Deprecated in Pydantic V2.0 to be removed in V3.0. See Pydantic V2 Migration Guide at https://errors.pydantic.dev/2.12/migration/
    class PlayerRead(BaseModel):

tests/test_events.py::TestEvents::test_list_events_empty
  C:\Users\hiros\OneDrive\Documents\ping-champions\backend\schemas.py:77: PydanticDeprecatedSince20: Pydantic V1 style `@validator` validators are deprecated. You should migrate to Pydantic V2 style `@field_validator` validators, see the migration guide for more details. Deprecated in Pydantic V2.0 to be removed in V3.0. See Pydantic V2 Migration Guide at https://errors.pydantic.dev/2.12/migration/
    @validator('best_of')

tests/test_events.py::TestEvents::test_list_events_empty
  C:\Users\hiros\OneDrive\Documents\ping-champions\backend\schemas.py:85: PydanticDeprecatedSince20: Support for class-based `config` is deprecated, use ConfigDict instead. Deprecated in Pydantic V2.0 to be removed in V3.0. See Pydantic V2 Migration Guide at https://errors.pydantic.dev/2.12/migration/
    class MatchRead(BaseModel):

tests/test_events.py::TestEvents::test_list_events_empty
  C:\Users\hiros\OneDrive\Documents\ping-champions\backend\schemas.py:104: PydanticDeprecatedSince20: Support for class-based `config` is deprecated, use ConfigDict instead. Deprecated in Pydantic V2.0 to be removed in V3.0. See Pydantic V2 Migration Guide at https://errors.pydantic.dev/2.12/migration/
    class RankingEntry(BaseModel):

-- Docs: https://docs.pytest.org/en/stable/how-to/capture-warnings.html

---------- coverage: platform win32, python 3.13.7-final-0 -----------
Name                  Stmts   Miss  Cover   Missing
---------------------------------------------------
database.py               9      0   100%
main.py                  14      1    93%   29
models\__init__.py        4      0   100%
models\event.py          14      0   100%
models\match.py          16      0   100%
models\player.py         14      0   100%
routers\__init__.py       0      0   100%
routers\events.py        40     23    42%   23-27, 49-52, 65-75, 86-91
routers\matches.py       65     46    29%   23-27, 42-75, 87-91, 98-101, 113-131, 138-144
routers\players.py       56     36    36%   20-24, 37-45, 57-61, 70, 76-79, 91-101, 107-112
routers\ranking.py       29     17    41%   24-28, 42-83
schemas.py               80      9    89%   20-22, 28-30, 81-83
---------------------------------------------------
TOTAL                   341    132    61%
Coverage HTML written to dir htmlcov
Coverage XML written to file coverage.xml

Required test coverage of 50% reached. Total coverage: 61.29%
=========================== short test summary info ===========================
FAILED tests/test_events.py::TestEvents::test_list_events_empty - sqlalchemy....
!!!!!!!!!!!!!!!!!!!!!!!!!! stopping after 1 failures !!!!!!!!!!!!!!!!!!!!!!!!!!
======================== 1 failed, 8 warnings in 0.34s ========================
